// Jest Snapshot v1, https://goo.gl/fbAQLP

exports[`probar el componente addCategory debe mostrarse correctamente 1`] = `
<form
  onSubmit={[Function]}
>
  <input
    id="buscar"
    onChange={[Function]}
    type="text"
    value=""
  />
</form>
`;
