// Jest Snapshot v1, https://goo.gl/fbAQLP

exports[`Prueba en el componente GifGridItem prueba en el componente <GifGridItem />  1`] = `
<div
  className="card animate__animated animate__fadeIn"
>
  <img
    alt="Jgla"
    src="localhost/jgla.jpg"
  />
  <p>
     
    Jgla
     
  </p>
</div>
`;
